Test: Basic leave/join ...
2025/05/23 10:43:16 cli begin query:&{-1 0 1025360201963818072}
2025/05/23 10:43:16 begin server Query, args: &{-1 0 1025360201963818072}
2025/05/23 10:43:16 cli begin query:&{-1 0 1025360201963818072}
2025/05/23 10:43:16 begin server Query, args: &{-1 0 1025360201963818072}
2025/05/23 10:43:16 cli begin query:&{-1 0 1025360201963818072}
2025/05/23 10:43:16 begin server Query, args: &{-1 0 1025360201963818072}
2025/05/23 10:43:16 cli begin query:&{-1 0 1025360201963818072}
2025/05/23 10:43:16 begin server Query, args: &{-1 0 1025360201963818072}
2025/05/23 10:43:16 cli begin query:&{-1 0 1025360201963818072}
2025/05/23 10:43:16 begin server Query, args: &{-1 0 1025360201963818072}
2025/05/23 10:43:16 cli begin query:&{-1 0 1025360201963818072}
2025/05/23 10:43:16 begin server Query, args: &{-1 0 1025360201963818072}
2025/05/23 10:43:16 cli begin query:&{-1 0 1025360201963818072}
2025/05/23 10:43:16 begin server Query, args: &{-1 0 1025360201963818072}
2025/05/23 10:43:16 cli begin query:&{-1 0 1025360201963818072}
2025/05/23 10:43:16 begin server Query, args: &{-1 0 1025360201963818072}
2025/05/23 10:43:16 cli begin query:&{-1 0 1025360201963818072}
2025/05/23 10:43:16 begin server Query, args: &{-1 0 1025360201963818072}
2025/05/23 10:43:16 cli begin query:&{-1 0 1025360201963818072}
2025/05/23 10:43:16 begin server Query, args: &{-1 0 1025360201963818072}
2025/05/23 10:43:16 cli begin query:&{-1 0 1025360201963818072}
2025/05/23 10:43:16 begin server Query, args: &{-1 0 1025360201963818072}
2025/05/23 10:43:16 cli begin query:&{-1 0 1025360201963818072}
2025/05/23 10:43:16 begin server Query, args: &{-1 0 1025360201963818072}
2025/05/23 10:43:16 finish server Query, reply: &{false OK {0 [0 0 0 0 0 0 0 0 0 0] map[]}}
2025/05/23 10:43:16 cli begin query:&{-1 1 1025360201963818072}
2025/05/23 10:43:16 begin server Query, args: &{-1 1 1025360201963818072}
2025/05/23 10:43:16 cli begin query:&{-1 1 1025360201963818072}
2025/05/23 10:43:16 begin server Query, args: &{-1 1 1025360201963818072}
2025/05/23 10:43:16 cli begin query:&{-1 1 1025360201963818072}
2025/05/23 10:43:16 begin server Query, args: &{-1 1 1025360201963818072}
2025/05/23 10:43:16 finish server Query, reply: &{false OK {0 [0 0 0 0 0 0 0 0 0 0] map[]}}
2025/05/23 10:43:16 cli begin join:&{map[1:[x y z]] 2 1025360201963818072}
2025/05/23 10:43:16 join WrongLeader
2025/05/23 10:43:16 cli begin join:&{map[1:[x y z]] 2 1025360201963818072}
2025/05/23 10:43:16 join WrongLeader
2025/05/23 10:43:16 cli begin join:&{map[1:[x y z]] 2 1025360201963818072}
2025/05/23 10:43:17 0 before join apply sm.configs:1
2025/05/23 10:43:17 cli begin query:&{-1 3 1025360201963818072}
2025/05/23 10:43:17 begin server Query, args: &{-1 3 1025360201963818072}
2025/05/23 10:43:17 cli begin query:&{-1 3 1025360201963818072}
2025/05/23 10:43:17 begin server Query, args: &{-1 3 1025360201963818072}
2025/05/23 10:43:17 cli begin query:&{-1 3 1025360201963818072}
2025/05/23 10:43:17 begin server Query, args: &{-1 3 1025360201963818072}
2025/05/23 10:43:17 1 before join apply sm.configs:1
2025/05/23 10:43:17 2 before join apply sm.configs:1
2025/05/23 10:43:17 finish server Query, reply: &{false OK {1 [1 1 1 1 1 1 1 1 1 1] map[1:[x y z]]}}
2025/05/23 10:43:17 cli begin query:&{-1 4 1025360201963818072}
2025/05/23 10:43:17 begin server Query, args: &{-1 4 1025360201963818072}
2025/05/23 10:43:17 cli begin query:&{-1 4 1025360201963818072}
2025/05/23 10:43:17 begin server Query, args: &{-1 4 1025360201963818072}
2025/05/23 10:43:17 cli begin query:&{-1 4 1025360201963818072}
2025/05/23 10:43:17 begin server Query, args: &{-1 4 1025360201963818072}
2025/05/23 10:43:17 finish server Query, reply: &{false OK {1 [1 1 1 1 1 1 1 1 1 1] map[1:[x y z]]}}
2025/05/23 10:43:17 cli begin join:&{map[2:[a b c]] 5 1025360201963818072}
2025/05/23 10:43:17 join WrongLeader
2025/05/23 10:43:17 cli begin join:&{map[2:[a b c]] 5 1025360201963818072}
2025/05/23 10:43:17 join WrongLeader
2025/05/23 10:43:17 cli begin join:&{map[2:[a b c]] 5 1025360201963818072}
2025/05/23 10:43:17 0 before join apply sm.configs:2
2025/05/23 10:43:17 cli begin query:&{-1 6 1025360201963818072}
2025/05/23 10:43:17 begin server Query, args: &{-1 6 1025360201963818072}
2025/05/23 10:43:17 cli begin query:&{-1 6 1025360201963818072}
2025/05/23 10:43:17 begin server Query, args: &{-1 6 1025360201963818072}
2025/05/23 10:43:17 cli begin query:&{-1 6 1025360201963818072}
2025/05/23 10:43:17 begin server Query, args: &{-1 6 1025360201963818072}
2025/05/23 10:43:17 finish server Query, reply: &{false OK {2 [1 1 1 1 1 2 2 2 2 2] map[1:[x y z] 2:[a b c]]}}
2025/05/23 10:43:17 cli begin query:&{-1 7 1025360201963818072}
2025/05/23 10:43:17 2 before join apply sm.configs:2
2025/05/23 10:43:17 1 before join apply sm.configs:2
2025/05/23 10:43:17 begin server Query, args: &{-1 7 1025360201963818072}
2025/05/23 10:43:17 cli begin query:&{-1 7 1025360201963818072}
2025/05/23 10:43:17 begin server Query, args: &{-1 7 1025360201963818072}
2025/05/23 10:43:17 cli begin query:&{-1 7 1025360201963818072}
2025/05/23 10:43:17 begin server Query, args: &{-1 7 1025360201963818072}
2025/05/23 10:43:17 finish server Query, reply: &{false OK {2 [1 1 1 1 1 2 2 2 2 2] map[1:[x y z] 2:[a b c]]}}
2025/05/23 10:43:17 cli begin query:&{-1 8 1025360201963818072}
2025/05/23 10:43:17 begin server Query, args: &{-1 8 1025360201963818072}
2025/05/23 10:43:17 cli begin query:&{-1 8 1025360201963818072}
2025/05/23 10:43:17 begin server Query, args: &{-1 8 1025360201963818072}
2025/05/23 10:43:17 cli begin query:&{-1 8 1025360201963818072}
2025/05/23 10:43:17 begin server Query, args: &{-1 8 1025360201963818072}
2025/05/23 10:43:17 finish server Query, reply: &{false OK {2 [1 1 1 1 1 2 2 2 2 2] map[1:[x y z] 2:[a b c]]}}
2025/05/23 10:43:17 cli begin leave:&{[1] 9 1025360201963818072}
2025/05/23 10:43:17 cli begin leave:&{[1] 9 1025360201963818072}
2025/05/23 10:43:17 cli begin leave:&{[1] 9 1025360201963818072}
2025/05/23 10:43:17 0 before leave apply sm.configs:3
2025/05/23 10:43:17 0 after leave apply sm.configs:4
2025/05/23 10:43:17 cli begin query:&{-1 10 1025360201963818072}
2025/05/23 10:43:17 begin server Query, args: &{-1 10 1025360201963818072}
2025/05/23 10:43:17 cli begin query:&{-1 10 1025360201963818072}
2025/05/23 10:43:17 begin server Query, args: &{-1 10 1025360201963818072}
2025/05/23 10:43:17 cli begin query:&{-1 10 1025360201963818072}
2025/05/23 10:43:17 begin server Query, args: &{-1 10 1025360201963818072}
2025/05/23 10:43:17 2 before leave apply sm.configs:3
2025/05/23 10:43:17 1 before leave apply sm.configs:3
2025/05/23 10:43:17 2 after leave apply sm.configs:4
2025/05/23 10:43:17 1 after leave apply sm.configs:4
2025/05/23 10:43:17 finish server Query, reply: &{false OK {3 [2 2 2 2 2 2 2 2 2 2] map[2:[a b c]]}}
2025/05/23 10:43:17 cli begin query:&{-1 11 1025360201963818072}
2025/05/23 10:43:17 begin server Query, args: &{-1 11 1025360201963818072}
2025/05/23 10:43:17 cli begin query:&{-1 11 1025360201963818072}
2025/05/23 10:43:17 begin server Query, args: &{-1 11 1025360201963818072}
2025/05/23 10:43:17 cli begin query:&{-1 11 1025360201963818072}
2025/05/23 10:43:17 begin server Query, args: &{-1 11 1025360201963818072}
2025/05/23 10:43:17 finish server Query, reply: &{false OK {3 [2 2 2 2 2 2 2 2 2 2] map[2:[a b c]]}}
2025/05/23 10:43:17 cli begin leave:&{[2] 12 1025360201963818072}
2025/05/23 10:43:17 cli begin leave:&{[2] 12 1025360201963818072}
2025/05/23 10:43:17 cli begin leave:&{[2] 12 1025360201963818072}
2025/05/23 10:43:17 0 before leave apply sm.configs:4
2025/05/23 10:43:17 0 after leave apply sm.configs:5
2025/05/23 10:43:17 cli begin query:&{-1 13 1025360201963818072}
2025/05/23 10:43:17 begin server Query, args: &{-1 13 1025360201963818072}
2025/05/23 10:43:17 cli begin query:&{-1 13 1025360201963818072}
2025/05/23 10:43:17 begin server Query, args: &{-1 13 1025360201963818072}
2025/05/23 10:43:17 cli begin query:&{-1 13 1025360201963818072}
2025/05/23 10:43:17 begin server Query, args: &{-1 13 1025360201963818072}
2025/05/23 10:43:17 2 before leave apply sm.configs:4
2025/05/23 10:43:17 finish server Query, reply: &{false OK {4 [0 0 0 0 0 0 0 0 0 0] map[]}}
2025/05/23 10:43:17 1 before leave apply sm.configs:4
2025/05/23 10:43:17 1 after leave apply sm.configs:5
2025/05/23 10:43:17 2 after leave apply sm.configs:5
  ... Passed
Test: Historical queries ...
2025/05/23 10:43:17 cli begin query:&{0 14 1025360201963818072}
2025/05/23 10:43:17 begin server Query, args: &{0 14 1025360201963818072}
2025/05/23 10:43:17 cli begin query:&{0 14 1025360201963818072}
2025/05/23 10:43:17 begin server Query, args: &{0 14 1025360201963818072}
2025/05/23 10:43:17 cli begin query:&{0 14 1025360201963818072}
2025/05/23 10:43:17 cli begin query:&{0 14 1025360201963818072}
2025/05/23 10:43:17 begin server Query, args: &{0 14 1025360201963818072}
2025/05/23 10:43:17 cli begin query:&{0 14 1025360201963818072}
2025/05/23 10:43:17 begin server Query, args: &{0 14 1025360201963818072}
2025/05/23 10:43:17 cli begin query:&{0 14 1025360201963818072}
2025/05/23 10:43:17 cli begin query:&{0 14 1025360201963818072}
2025/05/23 10:43:17 begin server Query, args: &{0 14 1025360201963818072}
2025/05/23 10:43:17 finish server Query, reply: &{false OK {0 [0 0 0 0 0 0 0 0 0 0] map[]}}
2025/05/23 10:43:17 cli begin query:&{1 15 1025360201963818072}
2025/05/23 10:43:17 begin server Query, args: &{1 15 1025360201963818072}
2025/05/23 10:43:17 finish server Query, reply: &{false OK {1 [1 1 1 1 1 1 1 1 1 1] map[1:[x y z]]}}
2025/05/23 10:43:17 cli begin query:&{2 16 1025360201963818072}
2025/05/23 10:43:17 begin server Query, args: &{2 16 1025360201963818072}
2025/05/23 10:43:17 finish server Query, reply: &{false OK {2 [1 1 1 1 1 2 2 2 2 2] map[1:[x y z] 2:[a b c]]}}
2025/05/23 10:43:17 cli begin query:&{0 17 1025360201963818072}
2025/05/23 10:43:17 begin server Query, args: &{0 17 1025360201963818072}
2025/05/23 10:43:17 finish server Query, reply: &{false OK {0 [0 0 0 0 0 0 0 0 0 0] map[]}}
2025/05/23 10:43:17 cli begin query:&{3 18 1025360201963818072}
2025/05/23 10:43:17 begin server Query, args: &{3 18 1025360201963818072}
2025/05/23 10:43:17 finish server Query, reply: &{false OK {3 [2 2 2 2 2 2 2 2 2 2] map[2:[a b c]]}}
2025/05/23 10:43:17 cli begin query:&{4 19 1025360201963818072}
2025/05/23 10:43:17 begin server Query, args: &{4 19 1025360201963818072}
2025/05/23 10:43:17 finish server Query, reply: &{false OK {4 [0 0 0 0 0 0 0 0 0 0] map[]}}
2025/05/23 10:43:17 cli begin query:&{0 20 1025360201963818072}
2025/05/23 10:43:17 begin server Query, args: &{0 20 1025360201963818072}
2025/05/23 10:43:17 0 before join apply sm.configs:1
2025/05/23 10:43:17 0 before join apply sm.configs:2
2025/05/23 10:43:17 0 before leave apply sm.configs:3
2025/05/23 10:43:17 0 after leave apply sm.configs:4
2025/05/23 10:43:17 0 before leave apply sm.configs:4
2025/05/23 10:43:17 0 after leave apply sm.configs:5
2025/05/23 10:43:17 finish server Query, reply: &{false OK {0 [0 0 0 0 0 0 0 0 0 0] map[]}}
2025/05/23 10:43:17 cli begin query:&{1 21 1025360201963818072}
2025/05/23 10:43:17 begin server Query, args: &{1 21 1025360201963818072}
2025/05/23 10:43:17 finish server Query, reply: &{false OK {1 [1 1 1 1 1 1 1 1 1 1] map[1:[x y z]]}}
2025/05/23 10:43:17 cli begin query:&{2 22 1025360201963818072}
2025/05/23 10:43:17 begin server Query, args: &{2 22 1025360201963818072}
2025/05/23 10:43:17 finish server Query, reply: &{false OK {2 [1 1 1 1 1 2 2 2 2 2] map[1:[x y z] 2:[a b c]]}}
2025/05/23 10:43:17 cli begin query:&{0 23 1025360201963818072}
2025/05/23 10:43:17 begin server Query, args: &{0 23 1025360201963818072}
2025/05/23 10:43:17 finish server Query, reply: &{false OK {0 [0 0 0 0 0 0 0 0 0 0] map[]}}
2025/05/23 10:43:17 cli begin query:&{3 24 1025360201963818072}
2025/05/23 10:43:17 begin server Query, args: &{3 24 1025360201963818072}
2025/05/23 10:43:18 finish server Query, reply: &{false OK {3 [2 2 2 2 2 2 2 2 2 2] map[2:[a b c]]}}
2025/05/23 10:43:18 cli begin query:&{4 25 1025360201963818072}
2025/05/23 10:43:18 begin server Query, args: &{4 25 1025360201963818072}
2025/05/23 10:43:18 finish server Query, reply: &{false OK {4 [0 0 0 0 0 0 0 0 0 0] map[]}}
2025/05/23 10:43:18 cli begin query:&{0 26 1025360201963818072}
2025/05/23 10:43:18 cli begin query:&{0 26 1025360201963818072}
2025/05/23 10:43:18 begin server Query, args: &{0 26 1025360201963818072}
2025/05/23 10:43:18 cli begin query:&{0 26 1025360201963818072}
2025/05/23 10:43:18 begin server Query, args: &{0 26 1025360201963818072}
2025/05/23 10:43:18 cli begin query:&{0 26 1025360201963818072}
2025/05/23 10:43:18 cli begin query:&{0 26 1025360201963818072}
2025/05/23 10:43:18 begin server Query, args: &{0 26 1025360201963818072}
2025/05/23 10:43:18 cli begin query:&{0 26 1025360201963818072}
2025/05/23 10:43:18 begin server Query, args: &{0 26 1025360201963818072}
2025/05/23 10:43:18 cli begin query:&{0 26 1025360201963818072}
2025/05/23 10:43:18 cli begin query:&{0 26 1025360201963818072}
2025/05/23 10:43:18 begin server Query, args: &{0 26 1025360201963818072}
2025/05/23 10:43:18 cli begin query:&{0 26 1025360201963818072}
2025/05/23 10:43:18 begin server Query, args: &{0 26 1025360201963818072}
2025/05/23 10:43:18 1 before join apply sm.configs:1
2025/05/23 10:43:18 1 before join apply sm.configs:2
2025/05/23 10:43:18 1 before leave apply sm.configs:3
2025/05/23 10:43:18 1 after leave apply sm.configs:4
2025/05/23 10:43:18 1 before leave apply sm.configs:4
2025/05/23 10:43:18 1 after leave apply sm.configs:5
2025/05/23 10:43:18 cli begin query:&{0 26 1025360201963818072}
2025/05/23 10:43:18 cli begin query:&{0 26 1025360201963818072}
2025/05/23 10:43:18 begin server Query, args: &{0 26 1025360201963818072}
2025/05/23 10:43:18 cli begin query:&{0 26 1025360201963818072}
2025/05/23 10:43:18 begin server Query, args: &{0 26 1025360201963818072}
2025/05/23 10:43:18 finish server Query, reply: &{false OK {0 [0 0 0 0 0 0 0 0 0 0] map[]}}
2025/05/23 10:43:18 cli begin query:&{1 27 1025360201963818072}
2025/05/23 10:43:18 cli begin query:&{1 27 1025360201963818072}
2025/05/23 10:43:18 begin server Query, args: &{1 27 1025360201963818072}
2025/05/23 10:43:18 cli begin query:&{1 27 1025360201963818072}
2025/05/23 10:43:18 begin server Query, args: &{1 27 1025360201963818072}
2025/05/23 10:43:18 finish server Query, reply: &{false OK {1 [1 1 1 1 1 1 1 1 1 1] map[1:[x y z]]}}
2025/05/23 10:43:18 cli begin query:&{2 28 1025360201963818072}
2025/05/23 10:43:18 cli begin query:&{2 28 1025360201963818072}
2025/05/23 10:43:18 begin server Query, args: &{2 28 1025360201963818072}
2025/05/23 10:43:18 cli begin query:&{2 28 1025360201963818072}
2025/05/23 10:43:18 begin server Query, args: &{2 28 1025360201963818072}
2025/05/23 10:43:18 finish server Query, reply: &{false OK {2 [1 1 1 1 1 2 2 2 2 2] map[1:[x y z] 2:[a b c]]}}
2025/05/23 10:43:18 cli begin query:&{0 29 1025360201963818072}
2025/05/23 10:43:18 cli begin query:&{0 29 1025360201963818072}
2025/05/23 10:43:18 begin server Query, args: &{0 29 1025360201963818072}
2025/05/23 10:43:18 cli begin query:&{0 29 1025360201963818072}
2025/05/23 10:43:18 begin server Query, args: &{0 29 1025360201963818072}
2025/05/23 10:43:18 finish server Query, reply: &{false OK {0 [0 0 0 0 0 0 0 0 0 0] map[]}}
2025/05/23 10:43:18 cli begin query:&{3 30 1025360201963818072}
2025/05/23 10:43:18 cli begin query:&{3 30 1025360201963818072}
2025/05/23 10:43:18 begin server Query, args: &{3 30 1025360201963818072}
2025/05/23 10:43:18 cli begin query:&{3 30 1025360201963818072}
2025/05/23 10:43:18 begin server Query, args: &{3 30 1025360201963818072}
2025/05/23 10:43:18 finish server Query, reply: &{false OK {3 [2 2 2 2 2 2 2 2 2 2] map[2:[a b c]]}}
2025/05/23 10:43:18 cli begin query:&{4 31 1025360201963818072}
2025/05/23 10:43:19 cli begin query:&{4 31 1025360201963818072}
2025/05/23 10:43:19 begin server Query, args: &{4 31 1025360201963818072}
2025/05/23 10:43:19 cli begin query:&{4 31 1025360201963818072}
2025/05/23 10:43:19 begin server Query, args: &{4 31 1025360201963818072}
2025/05/23 10:43:19 finish server Query, reply: &{false OK {4 [0 0 0 0 0 0 0 0 0 0] map[]}}
  ... Passed
Test: Move ...
2025/05/23 10:43:19 cli begin join:&{map[503:[3a 3b 3c]] 32 1025360201963818072}
2025/05/23 10:43:19 join WrongLeader
2025/05/23 10:43:19 cli begin join:&{map[503:[3a 3b 3c]] 32 1025360201963818072}
2025/05/23 10:43:19 join WrongLeader
2025/05/23 10:43:19 cli begin join:&{map[503:[3a 3b 3c]] 32 1025360201963818072}
2025/05/23 10:43:19 0 before join apply sm.configs:5
2025/05/23 10:43:19 2 before join apply sm.configs:1
2025/05/23 10:43:19 2 before join apply sm.configs:2
2025/05/23 10:43:19 2 before leave apply sm.configs:3
2025/05/23 10:43:19 cli begin join:&{map[504:[4a 4b 4c]] 33 1025360201963818072}
2025/05/23 10:43:19 2 after leave apply sm.configs:4
2025/05/23 10:43:19 2 before leave apply sm.configs:4
2025/05/23 10:43:19 2 after leave apply sm.configs:5
2025/05/23 10:43:19 join WrongLeader
2025/05/23 10:43:19 cli begin join:&{map[504:[4a 4b 4c]] 33 1025360201963818072}
2025/05/23 10:43:19 join WrongLeader
2025/05/23 10:43:19 cli begin join:&{map[504:[4a 4b 4c]] 33 1025360201963818072}
2025/05/23 10:43:19 1 before join apply sm.configs:5
2025/05/23 10:43:19 2 before join apply sm.configs:5
2025/05/23 10:43:19 0 before join apply sm.configs:6
2025/05/23 10:43:19 cli begin query:&{-1 34 1025360201963818072}
2025/05/23 10:43:19 begin server Query, args: &{-1 34 1025360201963818072}
2025/05/23 10:43:19 cli begin query:&{-1 34 1025360201963818072}
2025/05/23 10:43:19 begin server Query, args: &{-1 34 1025360201963818072}
2025/05/23 10:43:19 cli begin query:&{-1 34 1025360201963818072}
2025/05/23 10:43:19 begin server Query, args: &{-1 34 1025360201963818072}
2025/05/23 10:43:19 2 before join apply sm.configs:6
2025/05/23 10:43:19 1 before join apply sm.configs:6
2025/05/23 10:43:19 finish server Query, reply: &{false OK {6 [503 503 503 503 503 504 504 504 504 504] map[503:[3a 3b 3c] 504:[4a 4b 4c]]}}
2025/05/23 10:43:19 cli begin move:&{0 503 35 1025360201963818072}
2025/05/23 10:43:19 cli begin move:&{0 503 35 1025360201963818072}
2025/05/23 10:43:19 cli begin move:&{0 503 35 1025360201963818072}
2025/05/23 10:43:19 0 before move apply sm.configs:7
2025/05/23 10:43:19 0 after move apply sm.configs:8
2025/05/23 10:43:19 cli begin query:&{-1 36 1025360201963818072}
2025/05/23 10:43:19 begin server Query, args: &{-1 36 1025360201963818072}
2025/05/23 10:43:19 cli begin query:&{-1 36 1025360201963818072}
2025/05/23 10:43:19 begin server Query, args: &{-1 36 1025360201963818072}
2025/05/23 10:43:19 cli begin query:&{-1 36 1025360201963818072}
2025/05/23 10:43:19 begin server Query, args: &{-1 36 1025360201963818072}
2025/05/23 10:43:19 2 before move apply sm.configs:7
2025/05/23 10:43:19 1 before move apply sm.configs:7
2025/05/23 10:43:19 1 after move apply sm.configs:8
2025/05/23 10:43:19 finish server Query, reply: &{false OK {7 [503 503 503 503 503 504 504 504 504 504] map[503:[3a 3b 3c] 504:[4a 4b 4c]]}}
2025/05/23 10:43:19 2 after move apply sm.configs:8
2025/05/23 10:43:19 cli begin move:&{1 503 37 1025360201963818072}
2025/05/23 10:43:19 cli begin move:&{1 503 37 1025360201963818072}
2025/05/23 10:43:19 cli begin move:&{1 503 37 1025360201963818072}
2025/05/23 10:43:19 0 before move apply sm.configs:8
2025/05/23 10:43:19 0 after move apply sm.configs:9
2025/05/23 10:43:19 cli begin query:&{-1 38 1025360201963818072}
2025/05/23 10:43:19 begin server Query, args: &{-1 38 1025360201963818072}
2025/05/23 10:43:19 cli begin query:&{-1 38 1025360201963818072}
2025/05/23 10:43:19 begin server Query, args: &{-1 38 1025360201963818072}
2025/05/23 10:43:19 cli begin query:&{-1 38 1025360201963818072}
2025/05/23 10:43:19 begin server Query, args: &{-1 38 1025360201963818072}
2025/05/23 10:43:19 2 before move apply sm.configs:8
2025/05/23 10:43:19 2 after move apply sm.configs:9
2025/05/23 10:43:19 finish server Query, reply: &{false OK {8 [503 503 503 503 503 504 504 504 504 504] map[503:[3a 3b 3c] 504:[4a 4b 4c]]}}
2025/05/23 10:43:19 1 before move apply sm.configs:8
2025/05/23 10:43:19 1 after move apply sm.configs:9
2025/05/23 10:43:19 cli begin move:&{2 503 39 1025360201963818072}
2025/05/23 10:43:19 cli begin move:&{2 503 39 1025360201963818072}
2025/05/23 10:43:19 cli begin move:&{2 503 39 1025360201963818072}
2025/05/23 10:43:19 0 before move apply sm.configs:9
2025/05/23 10:43:19 0 after move apply sm.configs:10
2025/05/23 10:43:19 cli begin query:&{-1 40 1025360201963818072}
2025/05/23 10:43:19 begin server Query, args: &{-1 40 1025360201963818072}
2025/05/23 10:43:19 cli begin query:&{-1 40 1025360201963818072}
2025/05/23 10:43:19 begin server Query, args: &{-1 40 1025360201963818072}
2025/05/23 10:43:19 cli begin query:&{-1 40 1025360201963818072}
2025/05/23 10:43:19 begin server Query, args: &{-1 40 1025360201963818072}
2025/05/23 10:43:19 2 before move apply sm.configs:9
2025/05/23 10:43:19 finish server Query, reply: &{false OK {9 [503 503 503 503 503 504 504 504 504 504] map[503:[3a 3b 3c] 504:[4a 4b 4c]]}}
2025/05/23 10:43:19 2 after move apply sm.configs:10
2025/05/23 10:43:19 1 before move apply sm.configs:9
2025/05/23 10:43:19 1 after move apply sm.configs:10
2025/05/23 10:43:19 cli begin move:&{3 503 41 1025360201963818072}
2025/05/23 10:43:19 cli begin move:&{3 503 41 1025360201963818072}
2025/05/23 10:43:19 cli begin move:&{3 503 41 1025360201963818072}
2025/05/23 10:43:19 0 before move apply sm.configs:10
2025/05/23 10:43:19 0 after move apply sm.configs:11
2025/05/23 10:43:19 cli begin query:&{-1 42 1025360201963818072}
2025/05/23 10:43:19 begin server Query, args: &{-1 42 1025360201963818072}
2025/05/23 10:43:19 cli begin query:&{-1 42 1025360201963818072}
2025/05/23 10:43:19 begin server Query, args: &{-1 42 1025360201963818072}
2025/05/23 10:43:19 cli begin query:&{-1 42 1025360201963818072}
2025/05/23 10:43:19 begin server Query, args: &{-1 42 1025360201963818072}
2025/05/23 10:43:19 2 before move apply sm.configs:10
2025/05/23 10:43:19 2 after move apply sm.configs:11
2025/05/23 10:43:19 1 before move apply sm.configs:10
2025/05/23 10:43:19 finish server Query, reply: &{false OK {10 [503 503 503 503 503 504 504 504 504 504] map[503:[3a 3b 3c] 504:[4a 4b 4c]]}}
2025/05/23 10:43:19 1 after move apply sm.configs:11
2025/05/23 10:43:19 cli begin move:&{4 503 43 1025360201963818072}
2025/05/23 10:43:19 cli begin move:&{4 503 43 1025360201963818072}
2025/05/23 10:43:19 cli begin move:&{4 503 43 1025360201963818072}
2025/05/23 10:43:19 0 before move apply sm.configs:11
2025/05/23 10:43:19 0 after move apply sm.configs:12
2025/05/23 10:43:19 cli begin query:&{-1 44 1025360201963818072}
2025/05/23 10:43:19 begin server Query, args: &{-1 44 1025360201963818072}
2025/05/23 10:43:19 cli begin query:&{-1 44 1025360201963818072}
2025/05/23 10:43:19 begin server Query, args: &{-1 44 1025360201963818072}
2025/05/23 10:43:19 cli begin query:&{-1 44 1025360201963818072}
2025/05/23 10:43:19 begin server Query, args: &{-1 44 1025360201963818072}
2025/05/23 10:43:19 1 before move apply sm.configs:11
2025/05/23 10:43:19 finish server Query, reply: &{false OK {11 [503 503 503 503 503 504 504 504 504 504] map[503:[3a 3b 3c] 504:[4a 4b 4c]]}}
2025/05/23 10:43:19 2 before move apply sm.configs:11
2025/05/23 10:43:19 1 after move apply sm.configs:12
2025/05/23 10:43:19 2 after move apply sm.configs:12
2025/05/23 10:43:19 cli begin move:&{5 504 45 1025360201963818072}
2025/05/23 10:43:19 cli begin move:&{5 504 45 1025360201963818072}
2025/05/23 10:43:19 cli begin move:&{5 504 45 1025360201963818072}
2025/05/23 10:43:19 0 before move apply sm.configs:12
2025/05/23 10:43:19 0 after move apply sm.configs:13
2025/05/23 10:43:19 cli begin query:&{-1 46 1025360201963818072}
2025/05/23 10:43:19 begin server Query, args: &{-1 46 1025360201963818072}
2025/05/23 10:43:19 cli begin query:&{-1 46 1025360201963818072}
2025/05/23 10:43:19 begin server Query, args: &{-1 46 1025360201963818072}
2025/05/23 10:43:19 cli begin query:&{-1 46 1025360201963818072}
2025/05/23 10:43:19 begin server Query, args: &{-1 46 1025360201963818072}
2025/05/23 10:43:19 2 before move apply sm.configs:12
2025/05/23 10:43:19 2 after move apply sm.configs:13
2025/05/23 10:43:19 1 before move apply sm.configs:12
2025/05/23 10:43:19 1 after move apply sm.configs:13
2025/05/23 10:43:19 finish server Query, reply: &{false OK {12 [503 503 503 503 503 504 504 504 504 504] map[503:[3a 3b 3c] 504:[4a 4b 4c]]}}
2025/05/23 10:43:19 cli begin move:&{6 504 47 1025360201963818072}
2025/05/23 10:43:19 cli begin move:&{6 504 47 1025360201963818072}
2025/05/23 10:43:19 cli begin move:&{6 504 47 1025360201963818072}
2025/05/23 10:43:19 0 before move apply sm.configs:13
2025/05/23 10:43:19 0 after move apply sm.configs:14
2025/05/23 10:43:19 cli begin query:&{-1 48 1025360201963818072}
2025/05/23 10:43:19 begin server Query, args: &{-1 48 1025360201963818072}
2025/05/23 10:43:19 cli begin query:&{-1 48 1025360201963818072}
2025/05/23 10:43:19 begin server Query, args: &{-1 48 1025360201963818072}
2025/05/23 10:43:19 cli begin query:&{-1 48 1025360201963818072}
2025/05/23 10:43:19 begin server Query, args: &{-1 48 1025360201963818072}
2025/05/23 10:43:19 1 before move apply sm.configs:13
2025/05/23 10:43:19 2 before move apply sm.configs:13
2025/05/23 10:43:19 1 after move apply sm.configs:14
2025/05/23 10:43:19 2 after move apply sm.configs:14
2025/05/23 10:43:19 finish server Query, reply: &{false OK {13 [503 503 503 503 503 504 504 504 504 504] map[503:[3a 3b 3c] 504:[4a 4b 4c]]}}
2025/05/23 10:43:19 cli begin move:&{7 504 49 1025360201963818072}
2025/05/23 10:43:19 cli begin move:&{7 504 49 1025360201963818072}
2025/05/23 10:43:19 cli begin move:&{7 504 49 1025360201963818072}
2025/05/23 10:43:19 0 before move apply sm.configs:14
2025/05/23 10:43:19 0 after move apply sm.configs:15
2025/05/23 10:43:19 cli begin query:&{-1 50 1025360201963818072}
2025/05/23 10:43:19 begin server Query, args: &{-1 50 1025360201963818072}
2025/05/23 10:43:19 cli begin query:&{-1 50 1025360201963818072}
2025/05/23 10:43:19 begin server Query, args: &{-1 50 1025360201963818072}
2025/05/23 10:43:19 cli begin query:&{-1 50 1025360201963818072}
2025/05/23 10:43:19 begin server Query, args: &{-1 50 1025360201963818072}
2025/05/23 10:43:19 1 before move apply sm.configs:14
2025/05/23 10:43:19 finish server Query, reply: &{false OK {14 [503 503 503 503 503 504 504 504 504 504] map[503:[3a 3b 3c] 504:[4a 4b 4c]]}}
2025/05/23 10:43:19 1 after move apply sm.configs:15
2025/05/23 10:43:19 2 before move apply sm.configs:14
2025/05/23 10:43:19 2 after move apply sm.configs:15
2025/05/23 10:43:19 cli begin move:&{8 504 51 1025360201963818072}
2025/05/23 10:43:19 cli begin move:&{8 504 51 1025360201963818072}
2025/05/23 10:43:19 cli begin move:&{8 504 51 1025360201963818072}
2025/05/23 10:43:19 0 before move apply sm.configs:15
2025/05/23 10:43:19 0 after move apply sm.configs:16
2025/05/23 10:43:19 cli begin query:&{-1 52 1025360201963818072}
2025/05/23 10:43:19 begin server Query, args: &{-1 52 1025360201963818072}
2025/05/23 10:43:19 cli begin query:&{-1 52 1025360201963818072}
2025/05/23 10:43:19 begin server Query, args: &{-1 52 1025360201963818072}
2025/05/23 10:43:19 cli begin query:&{-1 52 1025360201963818072}
2025/05/23 10:43:19 begin server Query, args: &{-1 52 1025360201963818072}
2025/05/23 10:43:19 2 before move apply sm.configs:15
2025/05/23 10:43:19 2 after move apply sm.configs:16
2025/05/23 10:43:19 1 before move apply sm.configs:15
2025/05/23 10:43:19 1 after move apply sm.configs:16
2025/05/23 10:43:19 finish server Query, reply: &{false OK {15 [503 503 503 503 503 504 504 504 504 504] map[503:[3a 3b 3c] 504:[4a 4b 4c]]}}
2025/05/23 10:43:19 cli begin move:&{9 504 53 1025360201963818072}
2025/05/23 10:43:19 cli begin move:&{9 504 53 1025360201963818072}
2025/05/23 10:43:19 cli begin move:&{9 504 53 1025360201963818072}
2025/05/23 10:43:19 0 before move apply sm.configs:16
2025/05/23 10:43:19 0 after move apply sm.configs:17
2025/05/23 10:43:19 cli begin query:&{-1 54 1025360201963818072}
2025/05/23 10:43:19 begin server Query, args: &{-1 54 1025360201963818072}
2025/05/23 10:43:19 cli begin query:&{-1 54 1025360201963818072}
2025/05/23 10:43:19 begin server Query, args: &{-1 54 1025360201963818072}
2025/05/23 10:43:19 cli begin query:&{-1 54 1025360201963818072}
2025/05/23 10:43:19 begin server Query, args: &{-1 54 1025360201963818072}
2025/05/23 10:43:19 2 before move apply sm.configs:16
2025/05/23 10:43:19 2 after move apply sm.configs:17
2025/05/23 10:43:19 1 before move apply sm.configs:16
2025/05/23 10:43:19 1 after move apply sm.configs:17
2025/05/23 10:43:19 finish server Query, reply: &{false OK {16 [503 503 503 503 503 504 504 504 504 504] map[503:[3a 3b 3c] 504:[4a 4b 4c]]}}
2025/05/23 10:43:19 cli begin leave:&{[503] 55 1025360201963818072}
2025/05/23 10:43:19 cli begin leave:&{[503] 55 1025360201963818072}
2025/05/23 10:43:19 cli begin leave:&{[503] 55 1025360201963818072}
2025/05/23 10:43:19 0 before leave apply sm.configs:17
2025/05/23 10:43:19 0 after leave apply sm.configs:18
2025/05/23 10:43:19 cli begin leave:&{[504] 56 1025360201963818072}
2025/05/23 10:43:19 cli begin leave:&{[504] 56 1025360201963818072}
2025/05/23 10:43:19 cli begin leave:&{[504] 56 1025360201963818072}
2025/05/23 10:43:19 1 before leave apply sm.configs:17
2025/05/23 10:43:19 2 before leave apply sm.configs:17
2025/05/23 10:43:19 0 before leave apply sm.configs:18
2025/05/23 10:43:19 1 after leave apply sm.configs:18
2025/05/23 10:43:19 2 after leave apply sm.configs:18
2025/05/23 10:43:19 0 after leave apply sm.configs:19
  ... Passed
Test: Concurrent leave/join ...
2025/05/23 10:43:19 cli begin join:&{map[1100:[s100a]] 0 3721828067500680754}
2025/05/23 10:43:19 cli begin join:&{map[1160:[s160a]] 0 401410214889492759}
2025/05/23 10:43:19 cli begin join:&{map[1190:[s190a]] 0 2448192729764959542}
2025/05/23 10:43:19 cli begin join:&{map[1120:[s120a]] 0 4197396689754028461}
2025/05/23 10:43:19 cli begin join:&{map[1110:[s110a]] 0 2668629767652873668}
2025/05/23 10:43:19 cli begin join:&{map[1140:[s140a]] 0 921588483174007852}
2025/05/23 10:43:19 cli begin join:&{map[1130:[s130a]] 0 2566577836883487994}
2025/05/23 10:43:19 cli begin join:&{map[1180:[s180a]] 0 4052330251731805373}
2025/05/23 10:43:19 cli begin join:&{map[1150:[s150a]] 0 549687863053400286}
2025/05/23 10:43:19 join WrongLeader
2025/05/23 10:43:19 cli begin join:&{map[1170:[s170a]] 0 1963055454292607796}
2025/05/23 10:43:19 join WrongLeader
2025/05/23 10:43:19 join WrongLeader
2025/05/23 10:43:19 join WrongLeader
2025/05/23 10:43:19 join WrongLeader
2025/05/23 10:43:19 cli begin join:&{map[1120:[s120a]] 0 4197396689754028461}
2025/05/23 10:43:19 cli begin join:&{map[1160:[s160a]] 0 401410214889492759}
2025/05/23 10:43:19 cli begin join:&{map[1100:[s100a]] 0 3721828067500680754}
2025/05/23 10:43:19 cli begin join:&{map[1130:[s130a]] 0 2566577836883487994}
2025/05/23 10:43:19 join WrongLeader
2025/05/23 10:43:19 cli begin join:&{map[1180:[s180a]] 0 4052330251731805373}
2025/05/23 10:43:19 join WrongLeader
2025/05/23 10:43:19 cli begin join:&{map[1190:[s190a]] 0 2448192729764959542}
2025/05/23 10:43:19 cli begin join:&{map[1140:[s140a]] 0 921588483174007852}
2025/05/23 10:43:19 join WrongLeader
2025/05/23 10:43:19 join WrongLeader
2025/05/23 10:43:19 cli begin join:&{map[1140:[s140a]] 0 921588483174007852}
2025/05/23 10:43:19 join WrongLeader
2025/05/23 10:43:19 cli begin join:&{map[1130:[s130a]] 0 2566577836883487994}
2025/05/23 10:43:19 cli begin join:&{map[1160:[s160a]] 0 401410214889492759}
2025/05/23 10:43:19 join WrongLeader
2025/05/23 10:43:19 cli begin join:&{map[1100:[s100a]] 0 3721828067500680754}
2025/05/23 10:43:19 join WrongLeader
2025/05/23 10:43:19 cli begin join:&{map[1170:[s170a]] 0 1963055454292607796}
2025/05/23 10:43:19 2 before leave apply sm.configs:18
2025/05/23 10:43:19 1 before leave apply sm.configs:18
2025/05/23 10:43:19 2 after leave apply sm.configs:19
2025/05/23 10:43:19 1 after leave apply sm.configs:19
2025/05/23 10:43:19 0 before join apply sm.configs:19
2025/05/23 10:43:19 0 before join apply sm.configs:20
2025/05/23 10:43:19 0 before join apply sm.configs:21
2025/05/23 10:43:19 0 before join apply sm.configs:22
2025/05/23 10:43:19 0 before join apply sm.configs:23
2025/05/23 10:43:19 0 before join apply sm.configs:24
2025/05/23 10:43:19 0 before join apply sm.configs:25
2025/05/23 10:43:19 0 before join apply sm.configs:26
2025/05/23 10:43:19 0 before join apply sm.configs:27
2025/05/23 10:43:19 0 before join apply sm.configs:28
2025/05/23 10:43:19 cli begin join:&{map[170:[s170b]] 1 1963055454292607796}
2025/05/23 10:43:19 cli begin join:&{map[130:[s130b]] 1 2566577836883487994}
2025/05/23 10:43:19 cli begin join:&{map[150:[s150b]] 1 549687863053400286}
2025/05/23 10:43:19 cli begin join:&{map[110:[s110b]] 1 2668629767652873668}
2025/05/23 10:43:19 join WrongLeader
2025/05/23 10:43:19 join WrongLeader
2025/05/23 10:43:19 cli begin join:&{map[180:[s180b]] 1 4052330251731805373}
2025/05/23 10:43:19 cli begin join:&{map[120:[s120b]] 1 4197396689754028461}
2025/05/23 10:43:19 cli begin join:&{map[170:[s170b]] 1 1963055454292607796}
2025/05/23 10:43:19 cli begin join:&{map[130:[s130b]] 1 2566577836883487994}
2025/05/23 10:43:19 cli begin join:&{map[140:[s140b]] 1 921588483174007852}
2025/05/23 10:43:19 cli begin join:&{map[190:[s190b]] 1 2448192729764959542}
2025/05/23 10:43:19 cli begin join:&{map[100:[s100b]] 1 3721828067500680754}
2025/05/23 10:43:19 cli begin join:&{map[160:[s160b]] 1 401410214889492759}
2025/05/23 10:43:19 join WrongLeader
2025/05/23 10:43:19 join WrongLeader
2025/05/23 10:43:19 join WrongLeader
2025/05/23 10:43:19 cli begin join:&{map[100:[s100b]] 1 3721828067500680754}
2025/05/23 10:43:19 cli begin join:&{map[160:[s160b]] 1 401410214889492759}
2025/05/23 10:43:19 join WrongLeader
2025/05/23 10:43:19 join WrongLeader
2025/05/23 10:43:19 cli begin join:&{map[140:[s140b]] 1 921588483174007852}
2025/05/23 10:43:19 join WrongLeader
2025/05/23 10:43:19 cli begin join:&{map[100:[s100b]] 1 3721828067500680754}
2025/05/23 10:43:19 cli begin join:&{map[160:[s160b]] 1 401410214889492759}
2025/05/23 10:43:19 cli begin join:&{map[190:[s190b]] 1 2448192729764959542}
2025/05/23 10:43:19 join WrongLeader
2025/05/23 10:43:19 cli begin join:&{map[180:[s180b]] 1 4052330251731805373}
2025/05/23 10:43:19 join WrongLeader
2025/05/23 10:43:19 cli begin join:&{map[130:[s130b]] 1 2566577836883487994}
2025/05/23 10:43:19 join WrongLeader
2025/05/23 10:43:19 cli begin join:&{map[140:[s140b]] 1 921588483174007852}
2025/05/23 10:43:19 join WrongLeader
2025/05/23 10:43:19 cli begin join:&{map[120:[s120b]] 1 4197396689754028461}
2025/05/23 10:43:19 2 before join apply sm.configs:19
2025/05/23 10:43:19 1 before join apply sm.configs:19
2025/05/23 10:43:19 2 before join apply sm.configs:20
2025/05/23 10:43:19 1 before join apply sm.configs:20
2025/05/23 10:43:19 1 before join apply sm.configs:21
2025/05/23 10:43:19 1 before join apply sm.configs:22
2025/05/23 10:43:19 2 before join apply sm.configs:21
2025/05/23 10:43:19 1 before join apply sm.configs:23
2025/05/23 10:43:19 1 before join apply sm.configs:24
2025/05/23 10:43:19 2 before join apply sm.configs:22
2025/05/23 10:43:19 1 before join apply sm.configs:25
2025/05/23 10:43:19 2 before join apply sm.configs:23
2025/05/23 10:43:19 1 before join apply sm.configs:26
2025/05/23 10:43:19 2 before join apply sm.configs:24
2025/05/23 10:43:19 1 before join apply sm.configs:27
2025/05/23 10:43:19 2 before join apply sm.configs:25
2025/05/23 10:43:19 1 before join apply sm.configs:28
2025/05/23 10:43:19 2 before join apply sm.configs:26
2025/05/23 10:43:19 2 before join apply sm.configs:27
2025/05/23 10:43:19 2 before join apply sm.configs:28
2025/05/23 10:43:19 0 before join apply sm.configs:29
2025/05/23 10:43:19 0 before join apply sm.configs:30
2025/05/23 10:43:19 0 before join apply sm.configs:31
2025/05/23 10:43:19 0 before join apply sm.configs:32
2025/05/23 10:43:19 0 before join apply sm.configs:33
2025/05/23 10:43:19 0 before join apply sm.configs:34
2025/05/23 10:43:19 0 before join apply sm.configs:35
2025/05/23 10:43:19 0 before join apply sm.configs:36
2025/05/23 10:43:19 0 before join apply sm.configs:37
2025/05/23 10:43:19 0 before join apply sm.configs:38
2025/05/23 10:43:19 cli begin leave:&{[1120] 2 4197396689754028461}
2025/05/23 10:43:19 cli begin leave:&{[1150] 2 549687863053400286}
2025/05/23 10:43:19 cli begin leave:&{[1140] 2 921588483174007852}
2025/05/23 10:43:19 cli begin leave:&{[1190] 2 2448192729764959542}
2025/05/23 10:43:19 cli begin leave:&{[1160] 2 401410214889492759}
2025/05/23 10:43:19 cli begin leave:&{[1120] 2 4197396689754028461}
2025/05/23 10:43:19 cli begin leave:&{[1140] 2 921588483174007852}
2025/05/23 10:43:19 cli begin leave:&{[1110] 2 2668629767652873668}
2025/05/23 10:43:19 cli begin leave:&{[1170] 2 1963055454292607796}
2025/05/23 10:43:19 cli begin leave:&{[1180] 2 4052330251731805373}
2025/05/23 10:43:19 cli begin leave:&{[1140] 2 921588483174007852}
2025/05/23 10:43:19 cli begin leave:&{[1100] 2 3721828067500680754}
2025/05/23 10:43:19 cli begin leave:&{[1130] 2 2566577836883487994}
2025/05/23 10:43:19 cli begin leave:&{[1190] 2 2448192729764959542}
2025/05/23 10:43:19 cli begin leave:&{[1130] 2 2566577836883487994}
2025/05/23 10:43:19 cli begin leave:&{[1100] 2 3721828067500680754}
2025/05/23 10:43:19 cli begin leave:&{[1160] 2 401410214889492759}
2025/05/23 10:43:19 cli begin leave:&{[1100] 2 3721828067500680754}
2025/05/23 10:43:19 cli begin leave:&{[1180] 2 4052330251731805373}
2025/05/23 10:43:19 cli begin leave:&{[1170] 2 1963055454292607796}
2025/05/23 10:43:19 cli begin leave:&{[1160] 2 401410214889492759}
2025/05/23 10:43:19 cli begin leave:&{[1130] 2 2566577836883487994}
2025/05/23 10:43:19 2 before join apply sm.configs:29
2025/05/23 10:43:19 1 before join apply sm.configs:29
2025/05/23 10:43:19 2 before join apply sm.configs:30
2025/05/23 10:43:19 1 before join apply sm.configs:30
2025/05/23 10:43:19 2 before join apply sm.configs:31
2025/05/23 10:43:19 1 before join apply sm.configs:31
2025/05/23 10:43:19 2 before join apply sm.configs:32
2025/05/23 10:43:19 1 before join apply sm.configs:32
2025/05/23 10:43:19 2 before join apply sm.configs:33
2025/05/23 10:43:19 1 before join apply sm.configs:33
2025/05/23 10:43:19 2 before join apply sm.configs:34
2025/05/23 10:43:19 1 before join apply sm.configs:34
2025/05/23 10:43:19 2 before join apply sm.configs:35
2025/05/23 10:43:19 1 before join apply sm.configs:35
2025/05/23 10:43:19 2 before join apply sm.configs:36
2025/05/23 10:43:19 1 before join apply sm.configs:36
2025/05/23 10:43:19 2 before join apply sm.configs:37
2025/05/23 10:43:19 1 before join apply sm.configs:37
2025/05/23 10:43:19 2 before join apply sm.configs:38
2025/05/23 10:43:19 1 before join apply sm.configs:38
2025/05/23 10:43:19 0 before leave apply sm.configs:39
2025/05/23 10:43:19 0 after leave apply sm.configs:40
2025/05/23 10:43:19 0 before leave apply sm.configs:40
2025/05/23 10:43:19 0 after leave apply sm.configs:41
2025/05/23 10:43:19 0 before leave apply sm.configs:41
2025/05/23 10:43:19 0 after leave apply sm.configs:42
2025/05/23 10:43:19 0 before leave apply sm.configs:42
2025/05/23 10:43:19 0 after leave apply sm.configs:43
2025/05/23 10:43:19 0 before leave apply sm.configs:43
2025/05/23 10:43:19 0 after leave apply sm.configs:44
2025/05/23 10:43:19 0 before leave apply sm.configs:44
2025/05/23 10:43:19 0 after leave apply sm.configs:45
2025/05/23 10:43:19 0 before leave apply sm.configs:45
2025/05/23 10:43:19 0 after leave apply sm.configs:46
2025/05/23 10:43:19 0 before leave apply sm.configs:46
2025/05/23 10:43:19 0 after leave apply sm.configs:47
2025/05/23 10:43:19 0 before leave apply sm.configs:47
2025/05/23 10:43:19 0 after leave apply sm.configs:48
2025/05/23 10:43:19 0 before leave apply sm.configs:48
2025/05/23 10:43:19 0 after leave apply sm.configs:49
2025/05/23 10:43:19 cli begin query:&{-1 57 1025360201963818072}
2025/05/23 10:43:19 begin server Query, args: &{-1 57 1025360201963818072}
2025/05/23 10:43:19 cli begin query:&{-1 57 1025360201963818072}
2025/05/23 10:43:19 begin server Query, args: &{-1 57 1025360201963818072}
2025/05/23 10:43:19 cli begin query:&{-1 57 1025360201963818072}
2025/05/23 10:43:19 begin server Query, args: &{-1 57 1025360201963818072}
2025/05/23 10:43:19 2 before leave apply sm.configs:39
2025/05/23 10:43:19 1 before leave apply sm.configs:39
2025/05/23 10:43:19 2 after leave apply sm.configs:40
2025/05/23 10:43:19 1 after leave apply sm.configs:40
2025/05/23 10:43:19 2 before leave apply sm.configs:40
2025/05/23 10:43:19 1 before leave apply sm.configs:40
2025/05/23 10:43:19 2 after leave apply sm.configs:41
2025/05/23 10:43:19 2 before leave apply sm.configs:41
2025/05/23 10:43:19 1 after leave apply sm.configs:41
2025/05/23 10:43:19 2 after leave apply sm.configs:42
2025/05/23 10:43:19 1 before leave apply sm.configs:41
2025/05/23 10:43:19 2 before leave apply sm.configs:42
2025/05/23 10:43:19 1 after leave apply sm.configs:42
2025/05/23 10:43:19 1 before leave apply sm.configs:42
2025/05/23 10:43:19 2 after leave apply sm.configs:43
2025/05/23 10:43:19 2 before leave apply sm.configs:43
2025/05/23 10:43:19 1 after leave apply sm.configs:43
2025/05/23 10:43:19 1 before leave apply sm.configs:43
2025/05/23 10:43:19 2 after leave apply sm.configs:44
2025/05/23 10:43:19 2 before leave apply sm.configs:44
2025/05/23 10:43:19 1 after leave apply sm.configs:44
2025/05/23 10:43:19 1 before leave apply sm.configs:44
2025/05/23 10:43:19 2 after leave apply sm.configs:45
2025/05/23 10:43:19 2 before leave apply sm.configs:45
2025/05/23 10:43:19 1 after leave apply sm.configs:45
2025/05/23 10:43:19 1 before leave apply sm.configs:45
2025/05/23 10:43:19 2 after leave apply sm.configs:46
2025/05/23 10:43:19 1 after leave apply sm.configs:46
2025/05/23 10:43:19 2 before leave apply sm.configs:46
2025/05/23 10:43:19 1 before leave apply sm.configs:46
2025/05/23 10:43:19 2 after leave apply sm.configs:47
2025/05/23 10:43:19 1 after leave apply sm.configs:47
2025/05/23 10:43:19 2 before leave apply sm.configs:47
2025/05/23 10:43:19 1 before leave apply sm.configs:47
2025/05/23 10:43:19 2 after leave apply sm.configs:48
2025/05/23 10:43:19 1 after leave apply sm.configs:48
2025/05/23 10:43:19 2 before leave apply sm.configs:48
2025/05/23 10:43:19 1 before leave apply sm.configs:48
2025/05/23 10:43:19 2 after leave apply sm.configs:49
2025/05/23 10:43:19 1 after leave apply sm.configs:49
2025/05/23 10:43:19 finish server Query, reply: &{false OK {48 [140 120 150 110 190 180 160 130 170 100] map[100:[s100b] 110:[s110b] 120:[s120b] 130:[s130b] 140:[s140b] 150:[s150b] 160:[s160b] 170:[s170b] 180:[s180b] 190:[s190b]]}}
  ... Passed
Test: Minimal transfers after joins ...
2025/05/23 10:43:19 cli begin query:&{-1 58 1025360201963818072}
2025/05/23 10:43:19 begin server Query, args: &{-1 58 1025360201963818072}
2025/05/23 10:43:19 cli begin query:&{-1 58 1025360201963818072}
2025/05/23 10:43:19 begin server Query, args: &{-1 58 1025360201963818072}
2025/05/23 10:43:19 cli begin query:&{-1 58 1025360201963818072}
2025/05/23 10:43:19 begin server Query, args: &{-1 58 1025360201963818072}
2025/05/23 10:43:19 finish server Query, reply: &{false OK {48 [140 120 150 110 190 180 160 130 170 100] map[100:[s100b] 110:[s110b] 120:[s120b] 130:[s130b] 140:[s140b] 150:[s150b] 160:[s160b] 170:[s170b] 180:[s180b] 190:[s190b]]}}
2025/05/23 10:43:19 cli begin join:&{map[11:[11a 11b 11b]] 59 1025360201963818072}
2025/05/23 10:43:19 join WrongLeader
2025/05/23 10:43:19 cli begin join:&{map[11:[11a 11b 11b]] 59 1025360201963818072}
2025/05/23 10:43:19 join WrongLeader
2025/05/23 10:43:19 cli begin join:&{map[11:[11a 11b 11b]] 59 1025360201963818072}
2025/05/23 10:43:19 0 before join apply sm.configs:49
2025/05/23 10:43:19 cli begin join:&{map[12:[12a 12b 12b]] 60 1025360201963818072}
2025/05/23 10:43:19 join WrongLeader
2025/05/23 10:43:19 cli begin join:&{map[12:[12a 12b 12b]] 60 1025360201963818072}
2025/05/23 10:43:19 join WrongLeader
2025/05/23 10:43:19 cli begin join:&{map[12:[12a 12b 12b]] 60 1025360201963818072}
2025/05/23 10:43:20 2 before join apply sm.configs:49
2025/05/23 10:43:20 1 before join apply sm.configs:49
2025/05/23 10:43:20 0 before join apply sm.configs:50
2025/05/23 10:43:20 cli begin join:&{map[13:[13a 13b 13b]] 61 1025360201963818072}
2025/05/23 10:43:20 join WrongLeader
2025/05/23 10:43:20 cli begin join:&{map[13:[13a 13b 13b]] 61 1025360201963818072}
2025/05/23 10:43:20 join WrongLeader
2025/05/23 10:43:20 cli begin join:&{map[13:[13a 13b 13b]] 61 1025360201963818072}
2025/05/23 10:43:20 1 before join apply sm.configs:50
2025/05/23 10:43:20 0 before join apply sm.configs:51
2025/05/23 10:43:20 2 before join apply sm.configs:50
2025/05/23 10:43:20 cli begin join:&{map[14:[14a 14b 14b]] 62 1025360201963818072}
2025/05/23 10:43:20 join WrongLeader
2025/05/23 10:43:20 cli begin join:&{map[14:[14a 14b 14b]] 62 1025360201963818072}
2025/05/23 10:43:20 join WrongLeader
2025/05/23 10:43:20 cli begin join:&{map[14:[14a 14b 14b]] 62 1025360201963818072}
2025/05/23 10:43:20 2 before join apply sm.configs:51
2025/05/23 10:43:20 1 before join apply sm.configs:51
2025/05/23 10:43:20 0 before join apply sm.configs:52
2025/05/23 10:43:20 cli begin join:&{map[15:[15a 15b 15b]] 63 1025360201963818072}
2025/05/23 10:43:20 join WrongLeader
2025/05/23 10:43:20 cli begin join:&{map[15:[15a 15b 15b]] 63 1025360201963818072}
2025/05/23 10:43:20 join WrongLeader
2025/05/23 10:43:20 cli begin join:&{map[15:[15a 15b 15b]] 63 1025360201963818072}
2025/05/23 10:43:20 2 before join apply sm.configs:52
2025/05/23 10:43:20 1 before join apply sm.configs:52
2025/05/23 10:43:20 0 before join apply sm.configs:53
2025/05/23 10:43:20 cli begin query:&{-1 64 1025360201963818072}
2025/05/23 10:43:20 begin server Query, args: &{-1 64 1025360201963818072}
2025/05/23 10:43:20 cli begin query:&{-1 64 1025360201963818072}
2025/05/23 10:43:20 begin server Query, args: &{-1 64 1025360201963818072}
2025/05/23 10:43:20 cli begin query:&{-1 64 1025360201963818072}
2025/05/23 10:43:20 begin server Query, args: &{-1 64 1025360201963818072}
2025/05/23 10:43:20 finish server Query, reply: &{false OK {53 [140 120 15 110 11 12 14 130 13 100] map[11:[11a 11b 11b] 12:[12a 12b 12b] 13:[13a 13b 13b] 14:[14a 14b 14b] 15:[15a 15b 15b] 100:[s100b] 110:[s110b] 120:[s120b] 130:[s130b] 140:[s140b] 150:[s150b] 160:[s160b] 170:[s170b] 180:[s180b] 190:[s190b]]}}
2025/05/23 10:43:20 2 before join apply sm.configs:53
2025/05/23 10:43:20 1 before join apply sm.configs:53
  ... Passed
Test: Minimal transfers after leaves ...
2025/05/23 10:43:20 cli begin leave:&{[11] 65 1025360201963818072}
2025/05/23 10:43:20 cli begin leave:&{[11] 65 1025360201963818072}
2025/05/23 10:43:20 cli begin leave:&{[11] 65 1025360201963818072}
2025/05/23 10:43:20 0 before leave apply sm.configs:54
2025/05/23 10:43:20 0 after leave apply sm.configs:55
2025/05/23 10:43:20 cli begin leave:&{[12] 66 1025360201963818072}
2025/05/23 10:43:20 cli begin leave:&{[12] 66 1025360201963818072}
2025/05/23 10:43:20 cli begin leave:&{[12] 66 1025360201963818072}
2025/05/23 10:43:20 1 before leave apply sm.configs:54
2025/05/23 10:43:20 1 after leave apply sm.configs:55
2025/05/23 10:43:20 2 before leave apply sm.configs:54
2025/05/23 10:43:20 0 before leave apply sm.configs:55
2025/05/23 10:43:20 2 after leave apply sm.configs:55
2025/05/23 10:43:20 0 after leave apply sm.configs:56
2025/05/23 10:43:20 cli begin leave:&{[13] 67 1025360201963818072}
2025/05/23 10:43:20 cli begin leave:&{[13] 67 1025360201963818072}
2025/05/23 10:43:20 cli begin leave:&{[13] 67 1025360201963818072}
2025/05/23 10:43:20 2 before leave apply sm.configs:55
2025/05/23 10:43:20 2 after leave apply sm.configs:56
2025/05/23 10:43:20 1 before leave apply sm.configs:55
2025/05/23 10:43:20 1 after leave apply sm.configs:56
2025/05/23 10:43:20 0 before leave apply sm.configs:56
2025/05/23 10:43:20 0 after leave apply sm.configs:57
2025/05/23 10:43:20 cli begin leave:&{[14] 68 1025360201963818072}
2025/05/23 10:43:20 cli begin leave:&{[14] 68 1025360201963818072}
2025/05/23 10:43:20 cli begin leave:&{[14] 68 1025360201963818072}
2025/05/23 10:43:20 2 before leave apply sm.configs:56
2025/05/23 10:43:20 1 before leave apply sm.configs:56
2025/05/23 10:43:20 2 after leave apply sm.configs:57
2025/05/23 10:43:20 1 after leave apply sm.configs:57
2025/05/23 10:43:20 0 before leave apply sm.configs:57
2025/05/23 10:43:20 0 after leave apply sm.configs:58
2025/05/23 10:43:20 cli begin leave:&{[15] 69 1025360201963818072}
2025/05/23 10:43:20 cli begin leave:&{[15] 69 1025360201963818072}
2025/05/23 10:43:20 cli begin leave:&{[15] 69 1025360201963818072}
2025/05/23 10:43:20 2 before leave apply sm.configs:57
2025/05/23 10:43:20 0 before leave apply sm.configs:58
2025/05/23 10:43:20 1 before leave apply sm.configs:57
2025/05/23 10:43:20 2 after leave apply sm.configs:58
2025/05/23 10:43:20 0 after leave apply sm.configs:59
2025/05/23 10:43:20 1 after leave apply sm.configs:58
2025/05/23 10:43:20 cli begin query:&{-1 70 1025360201963818072}
2025/05/23 10:43:20 begin server Query, args: &{-1 70 1025360201963818072}
2025/05/23 10:43:20 cli begin query:&{-1 70 1025360201963818072}
2025/05/23 10:43:20 begin server Query, args: &{-1 70 1025360201963818072}
2025/05/23 10:43:20 cli begin query:&{-1 70 1025360201963818072}
2025/05/23 10:43:20 begin server Query, args: &{-1 70 1025360201963818072}
2025/05/23 10:43:20 2 before leave apply sm.configs:58
2025/05/23 10:43:20 1 before leave apply sm.configs:58
2025/05/23 10:43:20 finish server Query, reply: &{false OK {58 [140 120 190 110 150 160 180 130 170 100] map[100:[s100b] 110:[s110b] 120:[s120b] 130:[s130b] 140:[s140b] 150:[s150b] 160:[s160b] 170:[s170b] 180:[s180b] 190:[s190b]]}}
2025/05/23 10:43:20 1 after leave apply sm.configs:59
2025/05/23 10:43:20 2 after leave apply sm.configs:59
  ... Passed
Test: Multi-group join/leave ...
2025/05/23 10:43:20 cli begin query:&{-1 0 4188987407952663764}
2025/05/23 10:43:20 begin server Query, args: &{-1 0 4188987407952663764}
2025/05/23 10:43:20 cli begin query:&{-1 0 4188987407952663764}
2025/05/23 10:43:20 begin server Query, args: &{-1 0 4188987407952663764}
2025/05/23 10:43:20 cli begin query:&{-1 0 4188987407952663764}
2025/05/23 10:43:20 begin server Query, args: &{-1 0 4188987407952663764}
2025/05/23 10:43:20 cli begin query:&{-1 0 4188987407952663764}
2025/05/23 10:43:20 begin server Query, args: &{-1 0 4188987407952663764}
2025/05/23 10:43:20 cli begin query:&{-1 0 4188987407952663764}
2025/05/23 10:43:20 begin server Query, args: &{-1 0 4188987407952663764}
2025/05/23 10:43:20 cli begin query:&{-1 0 4188987407952663764}
2025/05/23 10:43:20 begin server Query, args: &{-1 0 4188987407952663764}
2025/05/23 10:43:20 cli begin query:&{-1 0 4188987407952663764}
2025/05/23 10:43:20 begin server Query, args: &{-1 0 4188987407952663764}
2025/05/23 10:43:20 cli begin query:&{-1 0 4188987407952663764}
2025/05/23 10:43:20 begin server Query, args: &{-1 0 4188987407952663764}
2025/05/23 10:43:20 cli begin query:&{-1 0 4188987407952663764}
2025/05/23 10:43:20 begin server Query, args: &{-1 0 4188987407952663764}
2025/05/23 10:43:20 cli begin query:&{-1 0 4188987407952663764}
2025/05/23 10:43:20 begin server Query, args: &{-1 0 4188987407952663764}
2025/05/23 10:43:20 cli begin query:&{-1 0 4188987407952663764}
2025/05/23 10:43:20 begin server Query, args: &{-1 0 4188987407952663764}
2025/05/23 10:43:20 cli begin query:&{-1 0 4188987407952663764}
2025/05/23 10:43:20 begin server Query, args: &{-1 0 4188987407952663764}
2025/05/23 10:43:20 finish server Query, reply: &{false OK {0 [0 0 0 0 0 0 0 0 0 0] map[]}}
2025/05/23 10:43:20 cli begin query:&{-1 1 4188987407952663764}
2025/05/23 10:43:20 begin server Query, args: &{-1 1 4188987407952663764}
2025/05/23 10:43:20 cli begin query:&{-1 1 4188987407952663764}
2025/05/23 10:43:20 begin server Query, args: &{-1 1 4188987407952663764}
2025/05/23 10:43:20 cli begin query:&{-1 1 4188987407952663764}
2025/05/23 10:43:20 begin server Query, args: &{-1 1 4188987407952663764}
2025/05/23 10:43:20 finish server Query, reply: &{false OK {0 [0 0 0 0 0 0 0 0 0 0] map[]}}
2025/05/23 10:43:20 cli begin join:&{map[1:[x y z] 2:[a b c]] 2 4188987407952663764}
2025/05/23 10:43:20 join WrongLeader
2025/05/23 10:43:20 cli begin join:&{map[1:[x y z] 2:[a b c]] 2 4188987407952663764}
2025/05/23 10:43:20 join WrongLeader
2025/05/23 10:43:20 cli begin join:&{map[1:[x y z] 2:[a b c]] 2 4188987407952663764}
2025/05/23 10:43:20 2 before join apply sm.configs:1
2025/05/23 10:43:20 cli begin query:&{-1 3 4188987407952663764}
2025/05/23 10:43:20 begin server Query, args: &{-1 3 4188987407952663764}
2025/05/23 10:43:20 cli begin query:&{-1 3 4188987407952663764}
2025/05/23 10:43:20 begin server Query, args: &{-1 3 4188987407952663764}
2025/05/23 10:43:20 cli begin query:&{-1 3 4188987407952663764}
2025/05/23 10:43:20 begin server Query, args: &{-1 3 4188987407952663764}
2025/05/23 10:43:20 0 before join apply sm.configs:1
2025/05/23 10:43:20 1 before join apply sm.configs:1
2025/05/23 10:43:20 finish server Query, reply: &{false OK {1 [2 2 2 2 2 1 1 1 1 1] map[1:[x y z] 2:[a b c]]}}
2025/05/23 10:43:20 cli begin query:&{-1 4 4188987407952663764}
2025/05/23 10:43:20 begin server Query, args: &{-1 4 4188987407952663764}
2025/05/23 10:43:20 cli begin query:&{-1 4 4188987407952663764}
2025/05/23 10:43:20 begin server Query, args: &{-1 4 4188987407952663764}
2025/05/23 10:43:20 cli begin query:&{-1 4 4188987407952663764}
2025/05/23 10:43:20 begin server Query, args: &{-1 4 4188987407952663764}
2025/05/23 10:43:20 finish server Query, reply: &{false OK {1 [2 2 2 2 2 1 1 1 1 1] map[1:[x y z] 2:[a b c]]}}
2025/05/23 10:43:20 cli begin join:&{map[3:[j k l]] 5 4188987407952663764}
2025/05/23 10:43:20 join WrongLeader
2025/05/23 10:43:20 cli begin join:&{map[3:[j k l]] 5 4188987407952663764}
2025/05/23 10:43:20 join WrongLeader
2025/05/23 10:43:20 cli begin join:&{map[3:[j k l]] 5 4188987407952663764}
2025/05/23 10:43:20 2 before join apply sm.configs:2
2025/05/23 10:43:20 cli begin query:&{-1 6 4188987407952663764}
2025/05/23 10:43:20 begin server Query, args: &{-1 6 4188987407952663764}
2025/05/23 10:43:20 cli begin query:&{-1 6 4188987407952663764}
2025/05/23 10:43:20 begin server Query, args: &{-1 6 4188987407952663764}
2025/05/23 10:43:20 cli begin query:&{-1 6 4188987407952663764}
2025/05/23 10:43:20 begin server Query, args: &{-1 6 4188987407952663764}
2025/05/23 10:43:20 1 before join apply sm.configs:2
2025/05/23 10:43:20 0 before join apply sm.configs:2
2025/05/23 10:43:20 finish server Query, reply: &{false OK {2 [2 2 2 3 3 1 1 1 1 3] map[1:[x y z] 2:[a b c] 3:[j k l]]}}
2025/05/23 10:43:20 cli begin query:&{-1 7 4188987407952663764}
2025/05/23 10:43:20 begin server Query, args: &{-1 7 4188987407952663764}
2025/05/23 10:43:20 cli begin query:&{-1 7 4188987407952663764}
2025/05/23 10:43:20 begin server Query, args: &{-1 7 4188987407952663764}
2025/05/23 10:43:20 cli begin query:&{-1 7 4188987407952663764}
2025/05/23 10:43:20 begin server Query, args: &{-1 7 4188987407952663764}
2025/05/23 10:43:20 finish server Query, reply: &{false OK {2 [2 2 2 3 3 1 1 1 1 3] map[1:[x y z] 2:[a b c] 3:[j k l]]}}
2025/05/23 10:43:20 cli begin query:&{-1 8 4188987407952663764}
2025/05/23 10:43:20 begin server Query, args: &{-1 8 4188987407952663764}
2025/05/23 10:43:20 cli begin query:&{-1 8 4188987407952663764}
2025/05/23 10:43:20 begin server Query, args: &{-1 8 4188987407952663764}
2025/05/23 10:43:20 cli begin query:&{-1 8 4188987407952663764}
2025/05/23 10:43:20 begin server Query, args: &{-1 8 4188987407952663764}
2025/05/23 10:43:20 finish server Query, reply: &{false OK {2 [2 2 2 3 3 1 1 1 1 3] map[1:[x y z] 2:[a b c] 3:[j k l]]}}
2025/05/23 10:43:20 cli begin leave:&{[1 3] 9 4188987407952663764}
2025/05/23 10:43:20 cli begin leave:&{[1 3] 9 4188987407952663764}
2025/05/23 10:43:20 cli begin leave:&{[1 3] 9 4188987407952663764}
2025/05/23 10:43:20 2 before leave apply sm.configs:3
2025/05/23 10:43:20 2 after leave apply sm.configs:4
2025/05/23 10:43:20 cli begin query:&{-1 10 4188987407952663764}
2025/05/23 10:43:20 begin server Query, args: &{-1 10 4188987407952663764}
2025/05/23 10:43:20 cli begin query:&{-1 10 4188987407952663764}
2025/05/23 10:43:20 begin server Query, args: &{-1 10 4188987407952663764}
2025/05/23 10:43:20 cli begin query:&{-1 10 4188987407952663764}
2025/05/23 10:43:20 begin server Query, args: &{-1 10 4188987407952663764}
2025/05/23 10:43:20 1 before leave apply sm.configs:3
2025/05/23 10:43:20 1 after leave apply sm.configs:4
2025/05/23 10:43:20 0 before leave apply sm.configs:3
2025/05/23 10:43:20 0 after leave apply sm.configs:4
2025/05/23 10:43:20 finish server Query, reply: &{false OK {3 [2 2 2 2 2 2 2 2 2 2] map[2:[a b c]]}}
2025/05/23 10:43:20 cli begin query:&{-1 11 4188987407952663764}
2025/05/23 10:43:20 begin server Query, args: &{-1 11 4188987407952663764}
2025/05/23 10:43:20 cli begin query:&{-1 11 4188987407952663764}
2025/05/23 10:43:20 begin server Query, args: &{-1 11 4188987407952663764}
2025/05/23 10:43:20 cli begin query:&{-1 11 4188987407952663764}
2025/05/23 10:43:20 begin server Query, args: &{-1 11 4188987407952663764}
2025/05/23 10:43:20 finish server Query, reply: &{false OK {3 [2 2 2 2 2 2 2 2 2 2] map[2:[a b c]]}}
2025/05/23 10:43:20 cli begin query:&{-1 12 4188987407952663764}
2025/05/23 10:43:20 begin server Query, args: &{-1 12 4188987407952663764}
2025/05/23 10:43:20 cli begin query:&{-1 12 4188987407952663764}
2025/05/23 10:43:20 begin server Query, args: &{-1 12 4188987407952663764}
2025/05/23 10:43:20 cli begin query:&{-1 12 4188987407952663764}
2025/05/23 10:43:20 begin server Query, args: &{-1 12 4188987407952663764}
2025/05/23 10:43:21 finish server Query, reply: &{false OK {3 [2 2 2 2 2 2 2 2 2 2] map[2:[a b c]]}}
2025/05/23 10:43:21 cli begin leave:&{[2] 13 4188987407952663764}
2025/05/23 10:43:21 cli begin leave:&{[2] 13 4188987407952663764}
2025/05/23 10:43:21 cli begin leave:&{[2] 13 4188987407952663764}
2025/05/23 10:43:21 2 before leave apply sm.configs:4
2025/05/23 10:43:21 2 after leave apply sm.configs:5
  ... Passed
Test: Concurrent multi leave/join ...
2025/05/23 10:43:21 cli begin join:&{map[1004:[1004a 1004b 1004c] 2004:[2004a] 3004:[3004a]] 0 3370140686317555157}
2025/05/23 10:43:21 cli begin join:&{map[1006:[1006a 1006b 1006c] 2006:[2006a] 3006:[3006a]] 0 365272027436228215}
2025/05/23 10:43:21 cli begin join:&{map[1005:[1005a 1005b 1005c] 2005:[2005a] 3005:[3005a]] 0 3199555226397620223}
2025/05/23 10:43:21 cli begin join:&{map[1001:[1001a 1001b 1001c] 2001:[2001a] 3001:[3001a]] 0 1470958383425678592}
2025/05/23 10:43:21 cli begin join:&{map[1009:[1009a 1009b 1009c] 2009:[2009a] 3009:[3009a]] 0 3525115031889626730}
2025/05/23 10:43:21 cli begin join:&{map[1002:[1002a 1002b 1002c] 2002:[2002a] 3002:[3002a]] 0 496328165797493389}
2025/05/23 10:43:21 join WrongLeader
2025/05/23 10:43:21 join WrongLeader
2025/05/23 10:43:21 join WrongLeader
2025/05/23 10:43:21 cli begin join:&{map[1006:[1006a 1006b 1006c] 2006:[2006a] 3006:[3006a]] 0 365272027436228215}
2025/05/23 10:43:21 cli begin join:&{map[1005:[1005a 1005b 1005c] 2005:[2005a] 3005:[3005a]] 0 3199555226397620223}
2025/05/23 10:43:21 join WrongLeader
2025/05/23 10:43:21 cli begin join:&{map[1000:[1000a 1000b 1000c] 2000:[2000a] 3000:[3000a]] 0 1299856140579650910}
2025/05/23 10:43:21 cli begin join:&{map[1004:[1004a 1004b 1004c] 2004:[2004a] 3004:[3004a]] 0 3370140686317555157}
2025/05/23 10:43:21 cli begin join:&{map[1008:[1008a 1008b 1008c] 2008:[2008a] 3008:[3008a]] 0 1664670428851224188}
2025/05/23 10:43:21 cli begin join:&{map[1007:[1007a 1007b 1007c] 2007:[2007a] 3007:[3007a]] 0 2247392938577256630}
2025/05/23 10:43:21 cli begin join:&{map[1001:[1001a 1001b 1001c] 2001:[2001a] 3001:[3001a]] 0 1470958383425678592}
2025/05/23 10:43:21 cli begin join:&{map[1003:[1003a 1003b 1003c] 2003:[2003a] 3003:[3003a]] 0 1814348349956999658}
2025/05/23 10:43:21 join WrongLeader
2025/05/23 10:43:21 join WrongLeader
2025/05/23 10:43:21 join WrongLeader
2025/05/23 10:43:21 join WrongLeader
2025/05/23 10:43:21 cli begin join:&{map[1001:[1001a 1001b 1001c] 2001:[2001a] 3001:[3001a]] 0 1470958383425678592}
2025/05/23 10:43:21 cli begin join:&{map[1003:[1003a 1003b 1003c] 2003:[2003a] 3003:[3003a]] 0 1814348349956999658}
2025/05/23 10:43:21 cli begin join:&{map[1004:[1004a 1004b 1004c] 2004:[2004a] 3004:[3004a]] 0 3370140686317555157}
2025/05/23 10:43:21 cli begin join:&{map[1007:[1007a 1007b 1007c] 2007:[2007a] 3007:[3007a]] 0 2247392938577256630}
2025/05/23 10:43:21 join WrongLeader
2025/05/23 10:43:21 join WrongLeader
2025/05/23 10:43:21 cli begin join:&{map[1007:[1007a 1007b 1007c] 2007:[2007a] 3007:[3007a]] 0 2247392938577256630}
2025/05/23 10:43:21 cli begin join:&{map[1000:[1000a 1000b 1000c] 2000:[2000a] 3000:[3000a]] 0 1299856140579650910}
2025/05/23 10:43:21 join WrongLeader
2025/05/23 10:43:21 cli begin join:&{map[1000:[1000a 1000b 1000c] 2000:[2000a] 3000:[3000a]] 0 1299856140579650910}
2025/05/23 10:43:21 2 before join apply sm.configs:5
2025/05/23 10:43:21 2 before join apply sm.configs:6
2025/05/23 10:43:21 2 before join apply sm.configs:7
2025/05/23 10:43:21 2 before join apply sm.configs:8
2025/05/23 10:43:21 2 before join apply sm.configs:9
2025/05/23 10:43:21 2 before join apply sm.configs:10
2025/05/23 10:43:21 2 before join apply sm.configs:11
2025/05/23 10:43:21 2 before join apply sm.configs:12
2025/05/23 10:43:21 2 before join apply sm.configs:13
2025/05/23 10:43:21 2 before join apply sm.configs:14
2025/05/23 10:43:21 cli begin leave:&{[2007 3007] 1 2247392938577256630}
2025/05/23 10:43:21 cli begin leave:&{[2005 3005] 1 3199555226397620223}
2025/05/23 10:43:21 cli begin leave:&{[2006 3006] 1 365272027436228215}
2025/05/23 10:43:21 cli begin leave:&{[2002 3002] 1 496328165797493389}
2025/05/23 10:43:21 cli begin leave:&{[2008 3008] 1 1664670428851224188}
2025/05/23 10:43:21 cli begin leave:&{[2007 3007] 1 2247392938577256630}
2025/05/23 10:43:21 cli begin leave:&{[2005 3005] 1 3199555226397620223}
2025/05/23 10:43:21 cli begin leave:&{[2007 3007] 1 2247392938577256630}
2025/05/23 10:43:21 cli begin leave:&{[2000 3000] 1 1299856140579650910}
2025/05/23 10:43:21 cli begin leave:&{[2006 3006] 1 365272027436228215}
2025/05/23 10:43:21 1 before leave apply sm.configs:4
2025/05/23 10:43:21 cli begin leave:&{[2009 3009] 1 3525115031889626730}
2025/05/23 10:43:21 1 after leave apply sm.configs:5
2025/05/23 10:43:21 cli begin leave:&{[2001 3001] 1 1470958383425678592}
2025/05/23 10:43:21 cli begin leave:&{[2004 3004] 1 3370140686317555157}
2025/05/23 10:43:21 0 before leave apply sm.configs:4
2025/05/23 10:43:21 0 after leave apply sm.configs:5
2025/05/23 10:43:21 cli begin leave:&{[2003 3003] 1 1814348349956999658}
2025/05/23 10:43:21 cli begin leave:&{[2000 3000] 1 1299856140579650910}
2025/05/23 10:43:21 cli begin leave:&{[2003 3003] 1 1814348349956999658}
2025/05/23 10:43:21 cli begin leave:&{[2000 3000] 1 1299856140579650910}
2025/05/23 10:43:21 cli begin leave:&{[2001 3001] 1 1470958383425678592}
2025/05/23 10:43:21 cli begin leave:&{[2004 3004] 1 3370140686317555157}
2025/05/23 10:43:21 cli begin leave:&{[2001 3001] 1 1470958383425678592}
2025/05/23 10:43:21 cli begin leave:&{[2004 3004] 1 3370140686317555157}
2025/05/23 10:43:21 1 before join apply sm.configs:5
2025/05/23 10:43:21 0 before join apply sm.configs:5
2025/05/23 10:43:21 2 before leave apply sm.configs:15
2025/05/23 10:43:21 0 before join apply sm.configs:6
2025/05/23 10:43:21 1 before join apply sm.configs:6
2025/05/23 10:43:21 0 before join apply sm.configs:7
2025/05/23 10:43:21 1 before join apply sm.configs:7
2025/05/23 10:43:21 0 before join apply sm.configs:8
2025/05/23 10:43:21 1 before join apply sm.configs:8
2025/05/23 10:43:21 2 after leave apply sm.configs:16
2025/05/23 10:43:21 0 before join apply sm.configs:9
2025/05/23 10:43:21 1 before join apply sm.configs:9
2025/05/23 10:43:21 0 before join apply sm.configs:10
2025/05/23 10:43:21 1 before join apply sm.configs:10
2025/05/23 10:43:21 2 before leave apply sm.configs:16
2025/05/23 10:43:21 0 before join apply sm.configs:11
2025/05/23 10:43:21 1 before join apply sm.configs:11
2025/05/23 10:43:21 0 before join apply sm.configs:12
2025/05/23 10:43:21 2 after leave apply sm.configs:17
2025/05/23 10:43:21 1 before join apply sm.configs:12
2025/05/23 10:43:21 2 before leave apply sm.configs:17
2025/05/23 10:43:21 0 before join apply sm.configs:13
2025/05/23 10:43:21 1 before join apply sm.configs:13
2025/05/23 10:43:21 2 after leave apply sm.configs:18
2025/05/23 10:43:21 0 before join apply sm.configs:14
2025/05/23 10:43:21 2 before leave apply sm.configs:18
2025/05/23 10:43:21 1 before join apply sm.configs:14
2025/05/23 10:43:21 2 after leave apply sm.configs:19
2025/05/23 10:43:21 2 before leave apply sm.configs:19
2025/05/23 10:43:21 2 after leave apply sm.configs:20
2025/05/23 10:43:21 2 before leave apply sm.configs:20
2025/05/23 10:43:21 2 after leave apply sm.configs:21
2025/05/23 10:43:21 2 before leave apply sm.configs:21
2025/05/23 10:43:21 2 after leave apply sm.configs:22
2025/05/23 10:43:21 2 before leave apply sm.configs:22
2025/05/23 10:43:21 2 after leave apply sm.configs:23
2025/05/23 10:43:21 2 before leave apply sm.configs:23
2025/05/23 10:43:21 2 after leave apply sm.configs:24
2025/05/23 10:43:21 2 before leave apply sm.configs:24
2025/05/23 10:43:21 2 after leave apply sm.configs:25
2025/05/23 10:43:21 cli begin query:&{-1 14 4188987407952663764}
2025/05/23 10:43:21 begin server Query, args: &{-1 14 4188987407952663764}
2025/05/23 10:43:21 cli begin query:&{-1 14 4188987407952663764}
2025/05/23 10:43:21 begin server Query, args: &{-1 14 4188987407952663764}
2025/05/23 10:43:21 cli begin query:&{-1 14 4188987407952663764}
2025/05/23 10:43:21 begin server Query, args: &{-1 14 4188987407952663764}
2025/05/23 10:43:21 0 before leave apply sm.configs:15
2025/05/23 10:43:21 1 before leave apply sm.configs:15
2025/05/23 10:43:21 0 after leave apply sm.configs:16
2025/05/23 10:43:21 0 before leave apply sm.configs:16
2025/05/23 10:43:21 finish server Query, reply: &{false OK {24 [1007 1008 1003 1000 1004 1001 1009 1006 1002 1005] map[1000:[1000a 1000b 1000c] 1001:[1001a 1001b 1001c] 1002:[1002a 1002b 1002c] 1003:[1003a 1003b 1003c] 1004:[1004a 1004b 1004c] 1005:[1005a 1005b 1005c] 1006:[1006a 1006b 1006c] 1007:[1007a 1007b 1007c] 1008:[1008a 1008b 1008c] 1009:[1009a 1009b 1009c]]}}
2025/05/23 10:43:21 1 after leave apply sm.configs:16
2025/05/23 10:43:21 1 before leave apply sm.configs:16
2025/05/23 10:43:21 0 after leave apply sm.configs:17
2025/05/23 10:43:21 0 before leave apply sm.configs:17
2025/05/23 10:43:21 1 after leave apply sm.configs:17
2025/05/23 10:43:21 0 after leave apply sm.configs:18
2025/05/23 10:43:21 1 before leave apply sm.configs:17
2025/05/23 10:43:21 0 before leave apply sm.configs:18
2025/05/23 10:43:21 1 after leave apply sm.configs:18
2025/05/23 10:43:21 0 after leave apply sm.configs:19
2025/05/23 10:43:21 1 before leave apply sm.configs:18
2025/05/23 10:43:21 0 before leave apply sm.configs:19
2025/05/23 10:43:21 1 after leave apply sm.configs:19
2025/05/23 10:43:21 1 before leave apply sm.configs:19
2025/05/23 10:43:21 0 after leave apply sm.configs:20
2025/05/23 10:43:21 1 after leave apply sm.configs:20
2025/05/23 10:43:21 0 before leave apply sm.configs:20
2025/05/23 10:43:21 1 before leave apply sm.configs:20
2025/05/23 10:43:21 0 after leave apply sm.configs:21
2025/05/23 10:43:21 0 before leave apply sm.configs:21
  ... Passed
2025/05/23 10:43:21 1 after leave apply sm.configs:21
Test: Minimal transfers after multijoins ...
2025/05/23 10:43:21 1 before leave apply sm.configs:21
2025/05/23 10:43:21 cli begin query:&{-1 15 4188987407952663764}
2025/05/23 10:43:21 0 after leave apply sm.configs:22
2025/05/23 10:43:21 0 before leave apply sm.configs:22
2025/05/23 10:43:21 1 after leave apply sm.configs:22
2025/05/23 10:43:21 0 after leave apply sm.configs:23
2025/05/23 10:43:21 1 before leave apply sm.configs:22
2025/05/23 10:43:21 0 before leave apply sm.configs:23
2025/05/23 10:43:21 1 after leave apply sm.configs:23
2025/05/23 10:43:21 0 after leave apply sm.configs:24
2025/05/23 10:43:21 1 before leave apply sm.configs:23
2025/05/23 10:43:21 0 before leave apply sm.configs:24
2025/05/23 10:43:21 1 after leave apply sm.configs:24
2025/05/23 10:43:21 0 after leave apply sm.configs:25
2025/05/23 10:43:21 1 before leave apply sm.configs:24
2025/05/23 10:43:21 begin server Query, args: &{-1 15 4188987407952663764}
2025/05/23 10:43:21 1 after leave apply sm.configs:25
2025/05/23 10:43:21 cli begin query:&{-1 15 4188987407952663764}
2025/05/23 10:43:21 begin server Query, args: &{-1 15 4188987407952663764}
2025/05/23 10:43:21 cli begin query:&{-1 15 4188987407952663764}
2025/05/23 10:43:21 begin server Query, args: &{-1 15 4188987407952663764}
2025/05/23 10:43:21 finish server Query, reply: &{false OK {24 [1007 1008 1003 1000 1004 1001 1009 1006 1002 1005] map[1000:[1000a 1000b 1000c] 1001:[1001a 1001b 1001c] 1002:[1002a 1002b 1002c] 1003:[1003a 1003b 1003c] 1004:[1004a 1004b 1004c] 1005:[1005a 1005b 1005c] 1006:[1006a 1006b 1006c] 1007:[1007a 1007b 1007c] 1008:[1008a 1008b 1008c] 1009:[1009a 1009b 1009c]]}}
2025/05/23 10:43:21 cli begin join:&{map[11:[11a 11b] 12:[12a 12b] 13:[13a 13b] 14:[14a 14b] 15:[15a 15b]] 16 4188987407952663764}
2025/05/23 10:43:21 join WrongLeader
2025/05/23 10:43:21 cli begin join:&{map[11:[11a 11b] 12:[12a 12b] 13:[13a 13b] 14:[14a 14b] 15:[15a 15b]] 16 4188987407952663764}
2025/05/23 10:43:21 join WrongLeader
2025/05/23 10:43:21 cli begin join:&{map[11:[11a 11b] 12:[12a 12b] 13:[13a 13b] 14:[14a 14b] 15:[15a 15b]] 16 4188987407952663764}
2025/05/23 10:43:21 2 before join apply sm.configs:25
2025/05/23 10:43:21 cli begin query:&{-1 17 4188987407952663764}
2025/05/23 10:43:21 begin server Query, args: &{-1 17 4188987407952663764}
2025/05/23 10:43:21 cli begin query:&{-1 17 4188987407952663764}
2025/05/23 10:43:21 begin server Query, args: &{-1 17 4188987407952663764}
2025/05/23 10:43:21 cli begin query:&{-1 17 4188987407952663764}
2025/05/23 10:43:21 begin server Query, args: &{-1 17 4188987407952663764}
2025/05/23 10:43:21 0 before join apply sm.configs:25
2025/05/23 10:43:21 1 before join apply sm.configs:25
2025/05/23 10:43:21 finish server Query, reply: &{false OK {25 [15 14 1003 1000 1004 1001 13 12 1002 11] map[11:[11a 11b] 12:[12a 12b] 13:[13a 13b] 14:[14a 14b] 15:[15a 15b] 1000:[1000a 1000b 1000c] 1001:[1001a 1001b 1001c] 1002:[1002a 1002b 1002c] 1003:[1003a 1003b 1003c] 1004:[1004a 1004b 1004c] 1005:[1005a 1005b 1005c] 1006:[1006a 1006b 1006c] 1007:[1007a 1007b 1007c] 1008:[1008a 1008b 1008c] 1009:[1009a 1009b 1009c]]}}
  ... Passed
Test: Minimal transfers after multileaves ...
2025/05/23 10:43:21 cli begin leave:&{[11 12 13 14 15] 18 4188987407952663764}
2025/05/23 10:43:21 cli begin leave:&{[11 12 13 14 15] 18 4188987407952663764}
2025/05/23 10:43:21 cli begin leave:&{[11 12 13 14 15] 18 4188987407952663764}
2025/05/23 10:43:21 2 before leave apply sm.configs:26
2025/05/23 10:43:21 2 after leave apply sm.configs:27
2025/05/23 10:43:21 cli begin query:&{-1 19 4188987407952663764}
2025/05/23 10:43:21 begin server Query, args: &{-1 19 4188987407952663764}
2025/05/23 10:43:21 cli begin query:&{-1 19 4188987407952663764}
2025/05/23 10:43:21 begin server Query, args: &{-1 19 4188987407952663764}
2025/05/23 10:43:21 cli begin query:&{-1 19 4188987407952663764}
2025/05/23 10:43:21 begin server Query, args: &{-1 19 4188987407952663764}
2025/05/23 10:43:21 1 before leave apply sm.configs:26
2025/05/23 10:43:21 0 before leave apply sm.configs:26
2025/05/23 10:43:21 1 after leave apply sm.configs:27
2025/05/23 10:43:21 0 after leave apply sm.configs:27
2025/05/23 10:43:21 finish server Query, reply: &{false OK {26 [1009 1008 1003 1000 1004 1001 1007 1006 1002 1005] map[1000:[1000a 1000b 1000c] 1001:[1001a 1001b 1001c] 1002:[1002a 1002b 1002c] 1003:[1003a 1003b 1003c] 1004:[1004a 1004b 1004c] 1005:[1005a 1005b 1005c] 1006:[1006a 1006b 1006c] 1007:[1007a 1007b 1007c] 1008:[1008a 1008b 1008c] 1009:[1009a 1009b 1009c]]}}
  ... Passed
PASS
ok  	_/Users/moon/GolandProjects/6.824/src/shardmaster	6.467s
